// Vitest Snapshot v1, https://vitest.dev/guide/snapshot.html

exports[`--help, -h > should print out a \`help\` message 1`] = `
"Usage:
  ui-ts [-t TEMPLATE] [PATH]

Initialize a \\"ui-ts\\" project in a given path, from one of several available templates.
If PATH is not provided, the CWD is used.

Options:
  --help, -h      Print this help and exit
  --template, -t  The template to use. Available templates are \\"basic\\", \\"counter\\" or \\"vite\\".
                  Default: \\"counter\\"."
`;
